
> mordomy@1.0.0 build
> prisma generate && next build

node.exe : Environment variables loaded from .env
No C:\Program Files\nodejs\npm.ps1:29 caractere:3
+   & $NODE_EXE $NPM_CLI_JS $args
+   ~~~~~~~~~~~~~~~~~~~~~~~~~~~~~
    + CategoryInfo          : NotSpecified: (Envi 
   ronment variables loaded from .env:String) []  
  , RemoteException
    + FullyQualifiedErrorId : NativeCommandError
 
Prisma schema loaded from prisma\schema.prisma

Γ£ö Generated Prisma Client (v6.19.0) to .\node_modules\@prisma\client in 74ms

Start by importing your Prisma Client (See: https://pris.ly/d/importing-client)

Tip: Need your database queries to be 1000x faster? Accelerate offers you that and more: https://pris.ly/tip-2-accelerate

   Γû▓ Next.js 16.0.3 (Turbopack)
   - Environments: .env

 ΓÜá The "middleware" file convention is 
deprecated. Please use "proxy" instead. Learn 
more: https://nextjs.org/docs/messages/middleware-
to-proxy
   Creating an optimized production build ...
 Γ£ô Compiled successfully in 3.4s
   Running TypeScript ...
Failed to compile.

./src/app/(dashboard)/layout.tsx:18:36
Type error: Property 'name' does not exist on 
type 'User'.

[0m [90m 16 |[39m     [36mreturn[39m (
 [90m 17 |[39m         [33m<[39m[33mdiv[39m 
className[33m=[39m[32m"min-h-screen 
bg-background"[39m[33m>[39m
[31m[1m>[22m[39m[90m 18 |[39m             
[33m<[39m[33mHeader[39m 
userName[33m=[39m{user[33m.[39mname 
[33m||[39m [32m"Usu├írio"[39m} 
userEmail[33m=[39m{user[33m.[39memail 
[33m||[39m [32m""[39m} [33m/[39m[33m>[39m
 [90m    |[39m                                  
  [31m[1m^[22m[39m
 [90m 19 |[39m             
[33m<[39m[33mmain[39m className[33m=[39m[32
m"pb-20"[39m[33m>[39m{children}[33m<[39m[33m
/[39m[33mmain[39m[33m>[39m
 [90m 20 |[39m         
[33m<[39m[33m/[39m[33mdiv[39m[33m>[39m
 [90m 21 |[39m     )[33m;[39m[0m
Next.js build worker exited with code: 1 and 
signal: null
